// Jest Snapshot v1, https://goo.gl/fbAQLP

exports[`renders games page unchanged 1`] = `
<div>
  <main
    class="flex flex-1 flex-col gap-4 p-4 lg:gap-6 lg:p-6"
  >
    <div
      class="relative w-full rounded-lg border px-4 py-3 text-sm [&>svg+div]:translate-y-[-3px] [&>svg]:absolute [&>svg]:left-4 [&>svg]:top-4 [&>svg~*]:pl-7 border-red-500/50 text-red-500 [&>svg]:text-red-500 dark:border-red-900/50 dark:text-red-900 dark:dark:border-red-900 dark:[&>svg]:text-red-900"
      role="alert"
    >
      <svg
        class="h-4 w-4"
        fill="none"
        height="15"
        viewBox="0 0 15 15"
        width="15"
        xmlns="http://www.w3.org/2000/svg"
      >
        <path
          clip-rule="evenodd"
          d="M8.4449 0.608765C8.0183 -0.107015 6.9817 -0.107015 6.55509 0.608766L0.161178 11.3368C-0.275824 12.07 0.252503 13 1.10608 13H13.8939C14.7475 13 15.2758 12.07 14.8388 11.3368L8.4449 0.608765ZM7.4141 1.12073C7.45288 1.05566 7.54712 1.05566 7.5859 1.12073L13.9798 11.8488C14.0196 11.9154 13.9715 12 13.8939 12H1.10608C1.02849 12 0.980454 11.9154 1.02018 11.8488L7.4141 1.12073ZM6.8269 4.48611C6.81221 4.10423 7.11783 3.78663 7.5 3.78663C7.88217 3.78663 8.18778 4.10423 8.1731 4.48612L8.01921 8.48701C8.00848 8.766 7.7792 8.98664 7.5 8.98664C7.2208 8.98664 6.99151 8.766 6.98078 8.48701L6.8269 4.48611ZM8.24989 10.476C8.24989 10.8902 7.9141 11.226 7.49989 11.226C7.08567 11.226 6.74989 10.8902 6.74989 10.476C6.74989 10.0618 7.08567 9.72599 7.49989 9.72599C7.9141 9.72599 8.24989 10.0618 8.24989 10.476Z"
          fill="currentColor"
          fill-rule="evenodd"
        />
      </svg>
      <h5
        class="mb-1 font-medium leading-none tracking-tight"
      >
        Error
      </h5>
      <div
        class="text-sm [&_p]:leading-relaxed"
      >
        Error occured while fetching the list of games
      </div>
    </div>
    <div
      class="flex items-center"
    >
      <div>
        <h1
          class="text-lg font-semibold md:text-2xl"
        >
          Games Dashboard
        </h1>
        <p
          class="text-sm font-light text-gray-400 mt-2"
        >
          A general preview of all the games
        </p>
      </div>
    </div>
    <div>
      <div
        class="flex justify-between gap-8"
      >
        <form
          class="w-full"
        >
          <div
            class="relative"
          >
            <svg
              class="lucide lucide-search absolute left-2.5 top-2.5 h-4 w-4 text-muted-foreground"
              fill="none"
              height="24"
              stroke="currentColor"
              stroke-linecap="round"
              stroke-linejoin="round"
              stroke-width="2"
              viewBox="0 0 24 24"
              width="24"
              xmlns="http://www.w3.org/2000/svg"
            >
              <circle
                cx="11"
                cy="11"
                r="8"
              />
              <path
                d="m21 21-4.3-4.3"
              />
            </svg>
            <input
              class="flex h-9 rounded-md border border-slate-200 px-3 py-1 text-sm transition-colors file:border-0 file:bg-transparent file:text-sm file:font-medium placeholder:text-slate-500 focus-visible:outline-none focus-visible:ring-1 focus-visible:ring-slate-950 disabled:cursor-not-allowed disabled:opacity-50 dark:border-slate-800 dark:placeholder:text-slate-400 dark:focus-visible:ring-slate-300 w-full appearance-none bg-background pl-8 shadow-none"
              placeholder="Filter games ..."
              type="search"
              value=""
            />
          </div>
        </form>
        <div
          class="grid gap-2 mb-4"
        >
          <button
            aria-controls="radix-:r0:"
            aria-expanded="false"
            aria-haspopup="dialog"
            class="inline-flex items-center whitespace-nowrap rounded-md text-sm transition-colors focus-visible:outline-none focus-visible:ring-1 focus-visible:ring-slate-950 disabled:pointer-events-none disabled:opacity-50 dark:focus-visible:ring-slate-300 border border-slate-200 bg-white shadow-sm hover:bg-slate-100 hover:text-slate-900 dark:border-slate-800 dark:bg-slate-950 dark:hover:bg-slate-800 dark:hover:text-slate-50 h-9 px-4 py-2 w-[300px] justify-start text-left font-normal"
            data-state="closed"
            id="date"
            type="button"
          >
            <svg
              class="mr-2 h-4 w-4"
              fill="none"
              height="15"
              viewBox="0 0 15 15"
              width="15"
              xmlns="http://www.w3.org/2000/svg"
            >
              <path
                clip-rule="evenodd"
                d="M4.5 1C4.77614 1 5 1.22386 5 1.5V2H10V1.5C10 1.22386 10.2239 1 10.5 1C10.7761 1 11 1.22386 11 1.5V2H12.5C13.3284 2 14 2.67157 14 3.5V12.5C14 13.3284 13.3284 14 12.5 14H2.5C1.67157 14 1 13.3284 1 12.5V3.5C1 2.67157 1.67157 2 2.5 2H4V1.5C4 1.22386 4.22386 1 4.5 1ZM10 3V3.5C10 3.77614 10.2239 4 10.5 4C10.7761 4 11 3.77614 11 3.5V3H12.5C12.7761 3 13 3.22386 13 3.5V5H2V3.5C2 3.22386 2.22386 3 2.5 3H4V3.5C4 3.77614 4.22386 4 4.5 4C4.77614 4 5 3.77614 5 3.5V3H10ZM2 6V12.5C2 12.7761 2.22386 13 2.5 13H12.5C12.7761 13 13 12.7761 13 12.5V6H2ZM7 7.5C7 7.22386 7.22386 7 7.5 7C7.77614 7 8 7.22386 8 7.5C8 7.77614 7.77614 8 7.5 8C7.22386 8 7 7.77614 7 7.5ZM9.5 7C9.22386 7 9 7.22386 9 7.5C9 7.77614 9.22386 8 9.5 8C9.77614 8 10 7.77614 10 7.5C10 7.22386 9.77614 7 9.5 7ZM11 7.5C11 7.22386 11.2239 7 11.5 7C11.7761 7 12 7.22386 12 7.5C12 7.77614 11.7761 8 11.5 8C11.2239 8 11 7.77614 11 7.5ZM11.5 9C11.2239 9 11 9.22386 11 9.5C11 9.77614 11.2239 10 11.5 10C11.7761 10 12 9.77614 12 9.5C12 9.22386 11.7761 9 11.5 9ZM9 9.5C9 9.22386 9.22386 9 9.5 9C9.77614 9 10 9.22386 10 9.5C10 9.77614 9.77614 10 9.5 10C9.22386 10 9 9.77614 9 9.5ZM7.5 9C7.22386 9 7 9.22386 7 9.5C7 9.77614 7.22386 10 7.5 10C7.77614 10 8 9.77614 8 9.5C8 9.22386 7.77614 9 7.5 9ZM5 9.5C5 9.22386 5.22386 9 5.5 9C5.77614 9 6 9.22386 6 9.5C6 9.77614 5.77614 10 5.5 10C5.22386 10 5 9.77614 5 9.5ZM3.5 9C3.22386 9 3 9.22386 3 9.5C3 9.77614 3.22386 10 3.5 10C3.77614 10 4 9.77614 4 9.5C4 9.22386 3.77614 9 3.5 9ZM3 11.5C3 11.2239 3.22386 11 3.5 11C3.77614 11 4 11.2239 4 11.5C4 11.7761 3.77614 12 3.5 12C3.22386 12 3 11.7761 3 11.5ZM5.5 11C5.22386 11 5 11.2239 5 11.5C5 11.7761 5.22386 12 5.5 12C5.77614 12 6 11.7761 6 11.5C6 11.2239 5.77614 11 5.5 11ZM7 11.5C7 11.2239 7.22386 11 7.5 11C7.77614 11 8 11.2239 8 11.5C8 11.7761 7.77614 12 7.5 12C7.22386 12 7 11.7761 7 11.5ZM9.5 11C9.22386 11 9 11.2239 9 11.5C9 11.7761 9.22386 12 9.5 12C9.77614 12 10 11.7761 10 11.5C10 11.2239 9.77614 11 9.5 11Z"
                fill="currentColor"
                fill-rule="evenodd"
              />
            </svg>
            <span
              class=" text-gray-500"
            >
              Filter by release date
            </span>
          </button>
        </div>
      </div>
      <div
        class="rounded-md border"
      >
        <div
          class="relative w-full overflow-auto"
        >
          <table
            class="w-full caption-bottom text-sm"
          >
            <thead
              class="[&_tr]:border-b"
            >
              <tr
                class="border-b transition-colors hover:bg-slate-100/50 data-[state=selected]:bg-slate-100 dark:hover:bg-slate-800/50 dark:data-[state=selected]:bg-slate-800"
              >
                <th
                  class="h-10 px-2 text-left align-middle font-medium text-slate-500 [&:has([role=checkbox])]:pr-0 [&>[role=checkbox]]:translate-y-[2px] dark:text-slate-400"
                />
                <th
                  class="h-10 px-2 text-left align-middle font-medium text-slate-500 [&:has([role=checkbox])]:pr-0 [&>[role=checkbox]]:translate-y-[2px] dark:text-slate-400"
                >
                  <div
                    class="flex justify-start"
                  >
                    <button
                      class="inline-flex items-center justify-center whitespace-nowrap rounded-md text-sm font-medium transition-colors focus-visible:outline-none focus-visible:ring-1 focus-visible:ring-slate-950 disabled:pointer-events-none disabled:opacity-50 dark:focus-visible:ring-slate-300 underline-offset-4 dark:text-slate-50 h-9 px-4 py-2 text-right hover:no-underline text-gray-500"
                    >
                      Title
                      <svg
                        class="lucide lucide-arrow-up-down ml-2 h-4 w-4"
                        fill="none"
                        height="24"
                        stroke="currentColor"
                        stroke-linecap="round"
                        stroke-linejoin="round"
                        stroke-width="2"
                        viewBox="0 0 24 24"
                        width="24"
                        xmlns="http://www.w3.org/2000/svg"
                      >
                        <path
                          d="m21 16-4 4-4-4"
                        />
                        <path
                          d="M17 20V4"
                        />
                        <path
                          d="m3 8 4-4 4 4"
                        />
                        <path
                          d="M7 4v16"
                        />
                      </svg>
                    </button>
                  </div>
                </th>
                <th
                  class="h-10 px-2 text-left align-middle font-medium text-slate-500 [&:has([role=checkbox])]:pr-0 [&>[role=checkbox]]:translate-y-[2px] dark:text-slate-400"
                >
                  <div
                    class="flex justify-start"
                  >
                    <button
                      class="inline-flex items-center justify-center whitespace-nowrap rounded-md text-sm font-medium transition-colors focus-visible:outline-none focus-visible:ring-1 focus-visible:ring-slate-950 disabled:pointer-events-none disabled:opacity-50 dark:focus-visible:ring-slate-300 underline-offset-4 dark:text-slate-50 h-9 px-4 py-2 text-right hover:no-underline text-gray-500"
                    >
                      Release Date
                      <svg
                        class="lucide lucide-arrow-up-down ml-2 h-4 w-4"
                        fill="none"
                        height="24"
                        stroke="currentColor"
                        stroke-linecap="round"
                        stroke-linejoin="round"
                        stroke-width="2"
                        viewBox="0 0 24 24"
                        width="24"
                        xmlns="http://www.w3.org/2000/svg"
                      >
                        <path
                          d="m21 16-4 4-4-4"
                        />
                        <path
                          d="M17 20V4"
                        />
                        <path
                          d="m3 8 4-4 4 4"
                        />
                        <path
                          d="M7 4v16"
                        />
                      </svg>
                    </button>
                  </div>
                </th>
                <th
                  class="h-10 px-2 text-left align-middle font-medium text-slate-500 [&:has([role=checkbox])]:pr-0 [&>[role=checkbox]]:translate-y-[2px] dark:text-slate-400"
                >
                  <div
                    class="text-center"
                  >
                    Enabled
                  </div>
                </th>
              </tr>
            </thead>
            <tbody
              class="[&_tr:last-child]:border-0"
            >
              <tr
                class="border-b transition-colors hover:bg-slate-100/50 data-[state=selected]:bg-slate-100 dark:hover:bg-slate-800/50 dark:data-[state=selected]:bg-slate-800"
              >
                <td
                  class="p-2 align-middle [&:has([role=checkbox])]:pr-0 [&>[role=checkbox]]:translate-y-[2px] h-24 text-center"
                  colspan="4"
                >
                  No results.
                </td>
              </tr>
            </tbody>
          </table>
        </div>
      </div>
      <div
        class="flex items-center justify-end space-x-2 py-4"
      >
        <button
          class="inline-flex items-center justify-center whitespace-nowrap font-medium transition-colors focus-visible:outline-none focus-visible:ring-1 focus-visible:ring-slate-950 disabled:pointer-events-none disabled:opacity-50 dark:focus-visible:ring-slate-300 border border-slate-200 bg-white shadow-sm hover:bg-slate-100 hover:text-slate-900 dark:border-slate-800 dark:bg-slate-950 dark:hover:bg-slate-800 dark:hover:text-slate-50 h-8 rounded-md px-3 text-xs"
          disabled=""
        >
          Previous
        </button>
        <button
          class="inline-flex items-center justify-center whitespace-nowrap font-medium transition-colors focus-visible:outline-none focus-visible:ring-1 focus-visible:ring-slate-950 disabled:pointer-events-none disabled:opacity-50 dark:focus-visible:ring-slate-300 border border-slate-200 bg-white shadow-sm hover:bg-slate-100 hover:text-slate-900 dark:border-slate-800 dark:bg-slate-950 dark:hover:bg-slate-800 dark:hover:text-slate-50 h-8 rounded-md px-3 text-xs"
          disabled=""
        >
          Next
        </button>
      </div>
    </div>
  </main>
</div>
`;
